
> pastry-paradox@1.4.0 test
> vitest run features/cake/logic/useCakeLogic.test.js --run


[1m[46m RUN [49m[22m [36mv4.0.15 [39m[90mC:/Users/njyti/Desktop/Google-Antigravity/pastry-paradox[39m

ReferenceError: Cannot access 'cps' before initialization
    at useCakeLogic (C:/Users/njyti/Desktop/Google-Antigravity/pastry-paradox/src/features/cake/logic/useCakeLogic.js:222:9)
    at C:/Users/njyti/Desktop/Google-Antigravity/pastry-paradox/src/features/cake/logic/useCakeLogic.test.js:17:61
    at TestComponent (C:\Users\njyti\Desktop\Google-Antigravity\pastry-paradox\node_modules\@testing-library\react\dist\pure.js:331:27)
    at renderWithHooks (C:\Users\njyti\Desktop\Google-Antigravity\pastry-paradox\node_modules\react-dom\cjs\react-dom.development.js:15486:18)
    at mountIndeterminateComponent (C:\Users\njyti\Desktop\Google-Antigravity\pastry-paradox\node_modules\react-dom\cjs\react-dom.development.js:20103:13)
    at beginWork (C:\Users\njyti\Desktop\Google-Antigravity\pastry-paradox\node_modules\react-dom\cjs\react-dom.development.js:21626:16)
    at HTMLUnknownElement.callCallback (C:\Users\njyti\Desktop\Google-Antigravity\pastry-paradox\node_modules\react-dom\cjs\react-dom.development.js:4164:14)
    at HTMLUnknownElement.callTheUserObjectsOperation (C:\Users\njyti\Desktop\Google-Antigravity\pastry-paradox\node_modules\jsdom\lib\jsdom\living\generated\EventListener.js:26:30)
    at innerInvokeEventListeners (C:\Users\njyti\Desktop\Google-Antigravity\pastry-paradox\node_modules\jsdom\lib\jsdom\living\events\EventTarget-impl.js:360:16)
    at invokeEventListeners (C:\Users\njyti\Desktop\Google-Antigravity\pastry-paradox\node_modules\jsdom\lib\jsdom\living\events\EventTarget-impl.js:296:3)
ReferenceError: Cannot access 'cps' before initialization
    at useCakeLogic (C:/Users/njyti/Desktop/Google-Antigravity/pastry-paradox/src/features/cake/logic/useCakeLogic.js:222:9)
    at C:/Users/njyti/Desktop/Google-Antigravity/pastry-paradox/src/features/cake/logic/useCakeLogic.test.js:17:61
    at TestComponent (C:\Users\njyti\Desktop\Google-Antigravity\pastry-paradox\node_modules\@testing-library\react\dist\pure.js:331:27)
    at renderWithHooks (C:\Users\njyti\Desktop\Google-Antigravity\pastry-paradox\node_modules\react-dom\cjs\react-dom.development.js:15486:18)
    at mountIndeterminateComponent (C:\Users\njyti\Desktop\Google-Antigravity\pastry-paradox\node_modules\react-dom\cjs\react-dom.development.js:20103:13)
    at beginWork (C:\Users\njyti\Desktop\Google-Antigravity\pastry-paradox\node_modules\react-dom\cjs\react-dom.development.js:21626:16)
    at HTMLUnknownElement.callCallback (C:\Users\njyti\Desktop\Google-Antigravity\pastry-paradox\node_modules\react-dom\cjs\react-dom.development.js:4164:14)
    at HTMLUnknownElement.callTheUserObjectsOperation (C:\Users\njyti\Desktop\Google-Antigravity\pastry-paradox\node_modules\jsdom\lib\jsdom\living\generated\EventListener.js:26:30)
    at innerInvokeEventListeners (C:\Users\njyti\Desktop\Google-Antigravity\pastry-paradox\node_modules\jsdom\lib\jsdom\living\events\EventTarget-impl.js:360:16)
    at invokeEventListeners (C:\Users\njyti\Desktop\Google-Antigravity\pastry-paradox\node_modules\jsdom\lib\jsdom\living\events\EventTarget-impl.js:296:3)
stderr | src/features/cake/logic/useCakeLogic.test.js > useCakeLogic > Initial State > starts with 0 balance
The above error occurred in the <TestComponent> component:

    at TestComponent (C:\Users\njyti\Desktop\Google-Antigravity\pastry-paradox\node_modules\@testing-library\react\dist\pure.js:329:5)

Consider adding an error boundary to your tree to customize error handling behavior.
Visit https://reactjs.org/link/error-boundaries to learn more about error boundaries.

ReferenceError: Cannot access 'cps' before initialization
    at useCakeLogic (C:/Users/njyti/Desktop/Google-Antigravity/pastry-paradox/src/features/cake/logic/useCakeLogic.js:222:9)
    at C:/Users/njyti/Desktop/Google-Antigravity/pastry-paradox/src/features/cake/logic/useCakeLogic.test.js:22:61
    at TestComponent (C:\Users\njyti\Desktop\Google-Antigravity\pastry-paradox\node_modules\@testing-library\react\dist\pure.js:331:27)
    at renderWithHooks (C:\Users\njyti\Desktop\Google-Antigravity\pastry-paradox\node_modules\react-dom\cjs\react-dom.development.js:15486:18)
    at mountIndeterminateComponent (C:\Users\njyti\Desktop\Google-Antigravity\pastry-paradox\node_modules\react-dom\cjs\react-dom.development.js:20103:13)
    at beginWork (C:\Users\njyti\Desktop\Google-Antigravity\pastry-paradox\node_modules\react-dom\cjs\react-dom.development.js:21626:16)
    at HTMLUnknownElement.callCallback (C:\Users\njyti\Desktop\Google-Antigravity\pastry-paradox\node_modules\react-dom\cjs\react-dom.development.js:4164:14)
    at HTMLUnknownElement.callTheUserObjectsOperation (C:\Users\njyti\Desktop\Google-Antigravity\pastry-paradox\node_modules\jsdom\lib\jsdom\living\generated\EventListener.js:26:30)
    at innerInvokeEventListeners (C:\Users\njyti\Desktop\Google-Antigravity\pastry-paradox\node_modules\jsdom\lib\jsdom\living\events\EventTarget-impl.js:360:16)
    at invokeEventListeners (C:\Users\njyti\Desktop\Google-Antigravity\pastry-paradox\node_modules\jsdom\lib\jsdom\living\events\EventTarget-impl.js:296:3)
ReferenceError: Cannot access 'cps' before initialization
    at useCakeLogic (C:/Users/njyti/Desktop/Google-Antigravity/pastry-paradox/src/features/cake/logic/useCakeLogic.js:222:9)
    at C:/Users/njyti/Desktop/Google-Antigravity/pastry-paradox/src/features/cake/logic/useCakeLogic.test.js:22:61
    at TestComponent (C:\Users\njyti\Desktop\Google-Antigravity\pastry-paradox\node_modules\@testing-library\react\dist\pure.js:331:27)
    at renderWithHooks (C:\Users\njyti\Desktop\Google-Antigravity\pastry-paradox\node_modules\react-dom\cjs\react-dom.development.js:15486:18)
    at mountIndeterminateComponent (C:\Users\njyti\Desktop\Google-Antigravity\pastry-paradox\node_modules\react-dom\cjs\react-dom.development.js:20103:13)
    at beginWork (C:\Users\njyti\Desktop\Google-Antigravity\pastry-paradox\node_modules\react-dom\cjs\react-dom.development.js:21626:16)
    at HTMLUnknownElement.callCallback (C:\Users\njyti\Desktop\Google-Antigravity\pastry-paradox\node_modules\react-dom\cjs\react-dom.development.js:4164:14)
    at HTMLUnknownElement.callTheUserObjectsOperation (C:\Users\njyti\Desktop\Google-Antigravity\pastry-paradox\node_modules\jsdom\lib\jsdom\living\generated\EventListener.js:26:30)
    at innerInvokeEventListeners (C:\Users\njyti\Desktop\Google-Antigravity\pastry-paradox\node_modules\jsdom\lib\jsdom\living\events\EventTarget-impl.js:360:16)
    at invokeEventListeners (C:\Users\njyti\Desktop\Google-Antigravity\pastry-paradox\node_modules\jsdom\lib\jsdom\living\events\EventTarget-impl.js:296:3)
stderr | src/features/cake/logic/useCakeLogic.test.js > useCakeLogic > Initial State > starts with 0 CpS
The above error occurred in the <TestComponent> component:

    at TestComponent (C:\Users\njyti\Desktop\Google-Antigravity\pastry-paradox\node_modules\@testing-library\react\dist\pure.js:329:5)

Consider adding an error boundary to your tree to customize error handling behavior.
Visit https://reactjs.org/link/error-boundaries to learn more about error boundaries.

ReferenceError: Cannot access 'cps' before initialization
    at useCakeLogic (C:/Users/njyti/Desktop/Google-Antigravity/pastry-paradox/src/features/cake/logic/useCakeLogic.js:222:9)
    at C:/Users/njyti/Desktop/Google-Antigravity/pastry-paradox/src/features/cake/logic/useCakeLogic.test.js:27:61
    at TestComponent (C:\Users\njyti\Desktop\Google-Antigravity\pastry-paradox\node_modules\@testing-library\react\dist\pure.js:331:27)
    at renderWithHooks (C:\Users\njyti\Desktop\Google-Antigravity\pastry-paradox\node_modules\react-dom\cjs\react-dom.development.js:15486:18)
    at mountIndeterminateComponent (C:\Users\njyti\Desktop\Google-Antigravity\pastry-paradox\node_modules\react-dom\cjs\react-dom.development.js:20103:13)
    at beginWork (C:\Users\njyti\Desktop\Google-Antigravity\pastry-paradox\node_modules\react-dom\cjs\react-dom.development.js:21626:16)
    at HTMLUnknownElement.callCallback (C:\Users\njyti\Desktop\Google-Antigravity\pastry-paradox\node_modules\react-dom\cjs\react-dom.development.js:4164:14)
    at HTMLUnknownElement.callTheUserObjectsOperation (C:\Users\njyti\Desktop\Google-Antigravity\pastry-paradox\node_modules\jsdom\lib\jsdom\living\generated\EventListener.js:26:30)
    at innerInvokeEventListeners (C:\Users\njyti\Desktop\Google-Antigravity\pastry-paradox\node_modules\jsdom\lib\jsdom\living\events\EventTarget-impl.js:360:16)
    at invokeEventListeners (C:\Users\njyti\Desktop\Google-Antigravity\pastry-paradox\node_modules\jsdom\lib\jsdom\living\events\EventTarget-impl.js:296:3)
ReferenceError: Cannot access 'cps' before initialization
    at useCakeLogic (C:/Users/njyti/Desktop/Google-Antigravity/pastry-paradox/src/features/cake/logic/useCakeLogic.js:222:9)
    at C:/Users/njyti/Desktop/Google-Antigravity/pastry-paradox/src/features/cake/logic/useCakeLogic.test.js:27:61
    at TestComponent (C:\Users\njyti\Desktop\Google-Antigravity\pastry-paradox\node_modules\@testing-library\react\dist\pure.js:331:27)
    at renderWithHooks (C:\Users\njyti\Desktop\Google-Antigravity\pastry-paradox\node_modules\react-dom\cjs\react-dom.development.js:15486:18)
    at mountIndeterminateComponent (C:\Users\njyti\Desktop\Google-Antigravity\pastry-paradox\node_modules\react-dom\cjs\react-dom.development.js:20103:13)
    at beginWork (C:\Users\njyti\Desktop\Google-Antigravity\pastry-paradox\node_modules\react-dom\cjs\react-dom.development.js:21626:16)
    at HTMLUnknownElement.callCallback (C:\Users\njyti\Desktop\Google-Antigravity\pastry-paradox\node_modules\react-dom\cjs\react-dom.development.js:4164:14)
    at HTMLUnknownElement.callTheUserObjectsOperation (C:\Users\njyti\Desktop\Google-Antigravity\pastry-paradox\node_modules\jsdom\lib\jsdom\living\generated\EventListener.js:26:30)
    at innerInvokeEventListeners (C:\Users\njyti\Desktop\Google-Antigravity\pastry-paradox\node_modules\jsdom\lib\jsdom\living\events\EventTarget-impl.js:360:16)
    at invokeEventListeners (C:\Users\njyti\Desktop\Google-Antigravity\pastry-paradox\node_modules\jsdom\lib\jsdom\living\events\EventTarget-impl.js:296:3)
stderr | src/features/cake/logic/useCakeLogic.test.js > useCakeLogic > Initial State > starts with click power of 1
The above error occurred in the <TestComponent> component:

    at TestComponent (C:\Users\njyti\Desktop\Google-Antigravity\pastry-paradox\node_modules\@testing-library\react\dist\pure.js:329:5)

Consider adding an error boundary to your tree to customize error handling behavior.
Visit https://reactjs.org/link/error-boundaries to learn more about error boundaries.

ReferenceError: Cannot access 'cps' before initialization
    at useCakeLogic (C:/Users/njyti/Desktop/Google-Antigravity/pastry-paradox/src/features/cake/logic/useCakeLogic.js:222:9)
    at C:/Users/njyti/Desktop/Google-Antigravity/pastry-paradox/src/features/cake/logic/useCakeLogic.test.js:32:61
    at TestComponent (C:\Users\njyti\Desktop\Google-Antigravity\pastry-paradox\node_modules\@testing-library\react\dist\pure.js:331:27)
    at renderWithHooks (C:\Users\njyti\Desktop\Google-Antigravity\pastry-paradox\node_modules\react-dom\cjs\react-dom.development.js:15486:18)
    at mountIndeterminateComponent (C:\Users\njyti\Desktop\Google-Antigravity\pastry-paradox\node_modules\react-dom\cjs\react-dom.development.js:20103:13)
    at beginWork (C:\Users\njyti\Desktop\Google-Antigravity\pastry-paradox\node_modules\react-dom\cjs\react-dom.development.js:21626:16)
    at HTMLUnknownElement.callCallback (C:\Users\njyti\Desktop\Google-Antigravity\pastry-paradox\node_modules\react-dom\cjs\react-dom.development.js:4164:14)
    at HTMLUnknownElement.callTheUserObjectsOperation (C:\Users\njyti\Desktop\Google-Antigravity\pastry-paradox\node_modules\jsdom\lib\jsdom\living\generated\EventListener.js:26:30)
    at innerInvokeEventListeners (C:\Users\njyti\Desktop\Google-Antigravity\pastry-paradox\node_modules\jsdom\lib\jsdom\living\events\EventTarget-impl.js:360:16)
    at invokeEventListeners (C:\Users\njyti\Desktop\Google-Antigravity\pastry-paradox\node_modules\jsdom\lib\jsdom\living\events\EventTarget-impl.js:296:3)
ReferenceError: Cannot access 'cps' before initialization
    at useCakeLogic (C:/Users/njyti/Desktop/Google-Antigravity/pastry-paradox/src/features/cake/logic/useCakeLogic.js:222:9)
    at C:/Users/njyti/Desktop/Google-Antigravity/pastry-paradox/src/features/cake/logic/useCakeLogic.test.js:32:61
    at TestComponent (C:\Users\njyti\Desktop\Google-Antigravity\pastry-paradox\node_modules\@testing-library\react\dist\pure.js:331:27)
    at renderWithHooks (C:\Users\njyti\Desktop\Google-Antigravity\pastry-paradox\node_modules\react-dom\cjs\react-dom.development.js:15486:18)
    at mountIndeterminateComponent (C:\Users\njyti\Desktop\Google-Antigravity\pastry-paradox\node_modules\react-dom\cjs\react-dom.development.js:20103:13)
    at beginWork (C:\Users\njyti\Desktop\Google-Antigravity\pastry-paradox\node_modules\react-dom\cjs\react-dom.development.js:21626:16)
    at HTMLUnknownElement.callCallback (C:\Users\njyti\Desktop\Google-Antigravity\pastry-paradox\node_modules\react-dom\cjs\react-dom.development.js:4164:14)
    at HTMLUnknownElement.callTheUserObjectsOperation (C:\Users\njyti\Desktop\Google-Antigravity\pastry-paradox\node_modules\jsdom\lib\jsdom\living\generated\EventListener.js:26:30)
    at innerInvokeEventListeners (C:\Users\njyti\Desktop\Google-Antigravity\pastry-paradox\node_modules\jsdom\lib\jsdom\living\events\EventTarget-impl.js:360:16)
    at invokeEventListeners (C:\Users\njyti\Desktop\Google-Antigravity\pastry-paradox\node_modules\jsdom\lib\jsdom\living\events\EventTarget-impl.js:296:3)
stderr | src/features/cake/logic/useCakeLogic.test.js > useCakeLogic > Initial State > loads all 15 production tiers
The above error occurred in the <TestComponent> component:

    at TestComponent (C:\Users\njyti\Desktop\Google-Antigravity\pastry-paradox\node_modules\@testing-library\react\dist\pure.js:329:5)

Consider adding an error boundary to your tree to customize error handling behavior.
Visit https://reactjs.org/link/error-boundaries to learn more about error boundaries.

ReferenceError: Cannot access 'cps' before initialization
    at useCakeLogic (C:/Users/njyti/Desktop/Google-Antigravity/pastry-paradox/src/features/cake/logic/useCakeLogic.js:222:9)
    at C:/Users/njyti/Desktop/Google-Antigravity/pastry-paradox/src/features/cake/logic/useCakeLogic.test.js:39:61
    at TestComponent (C:\Users\njyti\Desktop\Google-Antigravity\pastry-paradox\node_modules\@testing-library\react\dist\pure.js:331:27)
    at renderWithHooks (C:\Users\njyti\Desktop\Google-Antigravity\pastry-paradox\node_modules\react-dom\cjs\react-dom.development.js:15486:18)
    at mountIndeterminateComponent (C:\Users\njyti\Desktop\Google-Antigravity\pastry-paradox\node_modules\react-dom\cjs\react-dom.development.js:20103:13)
    at beginWork (C:\Users\njyti\Desktop\Google-Antigravity\pastry-paradox\node_modules\react-dom\cjs\react-dom.development.js:21626:16)
    at HTMLUnknownElement.callCallback (C:\Users\njyti\Desktop\Google-Antigravity\pastry-paradox\node_modules\react-dom\cjs\react-dom.development.js:4164:14)
    at HTMLUnknownElement.callTheUserObjectsOperation (C:\Users\njyti\Desktop\Google-Antigravity\pastry-paradox\node_modules\jsdom\lib\jsdom\living\generated\EventListener.js:26:30)
    at innerInvokeEventListeners (C:\Users\njyti\Desktop\Google-Antigravity\pastry-paradox\node_modules\jsdom\lib\jsdom\living\events\EventTarget-impl.js:360:16)
    at invokeEventListeners (C:\Users\njyti\Desktop\Google-Antigravity\pastry-paradox\node_modules\jsdom\lib\jsdom\living\events\EventTarget-impl.js:296:3)
ReferenceError: Cannot access 'cps' before initialization
    at useCakeLogic (C:/Users/njyti/Desktop/Google-Antigravity/pastry-paradox/src/features/cake/logic/useCakeLogic.js:222:9)
    at C:/Users/njyti/Desktop/Google-Antigravity/pastry-paradox/src/features/cake/logic/useCakeLogic.test.js:39:61
    at TestComponent (C:\Users\njyti\Desktop\Google-Antigravity\pastry-paradox\node_modules\@testing-library\react\dist\pure.js:331:27)
    at renderWithHooks (C:\Users\njyti\Desktop\Google-Antigravity\pastry-paradox\node_modules\react-dom\cjs\react-dom.development.js:15486:18)
    at mountIndeterminateComponent (C:\Users\njyti\Desktop\Google-Antigravity\pastry-paradox\node_modules\react-dom\cjs\react-dom.development.js:20103:13)
    at beginWork (C:\Users\njyti\Desktop\Google-Antigravity\pastry-paradox\node_modules\react-dom\cjs\react-dom.development.js:21626:16)
    at HTMLUnknownElement.callCallback (C:\Users\njyti\Desktop\Google-Antigravity\pastry-paradox\node_modules\react-dom\cjs\react-dom.development.js:4164:14)
    at HTMLUnknownElement.callTheUserObjectsOperation (C:\Users\njyti\Desktop\Google-Antigravity\pastry-paradox\node_modules\jsdom\lib\jsdom\living\generated\EventListener.js:26:30)
    at innerInvokeEventListeners (C:\Users\njyti\Desktop\Google-Antigravity\pastry-paradox\node_modules\jsdom\lib\jsdom\living\events\EventTarget-impl.js:360:16)
    at invokeEventListeners (C:\Users\njyti\Desktop\Google-Antigravity\pastry-paradox\node_modules\jsdom\lib\jsdom\living\events\EventTarget-impl.js:296:3)
stderr | src/features/cake/logic/useCakeLogic.test.js > useCakeLogic > Clicking > increases balance by click power on click
The above error occurred in the <TestComponent> component:

    at TestComponent (C:\Users\njyti\Desktop\Google-Antigravity\pastry-paradox\node_modules\@testing-library\react\dist\pure.js:329:5)

Consider adding an error boundary to your tree to customize error handling behavior.
Visit https://reactjs.org/link/error-boundaries to learn more about error boundaries.

ReferenceError: Cannot access 'cps' before initialization
    at useCakeLogic (C:/Users/njyti/Desktop/Google-Antigravity/pastry-paradox/src/features/cake/logic/useCakeLogic.js:222:9)
    at C:/Users/njyti/Desktop/Google-Antigravity/pastry-paradox/src/features/cake/logic/useCakeLogic.test.js:49:61
    at TestComponent (C:\Users\njyti\Desktop\Google-Antigravity\pastry-paradox\node_modules\@testing-library\react\dist\pure.js:331:27)
    at renderWithHooks (C:\Users\njyti\Desktop\Google-Antigravity\pastry-paradox\node_modules\react-dom\cjs\react-dom.development.js:15486:18)
    at mountIndeterminateComponent (C:\Users\njyti\Desktop\Google-Antigravity\pastry-paradox\node_modules\react-dom\cjs\react-dom.development.js:20103:13)
    at beginWork (C:\Users\njyti\Desktop\Google-Antigravity\pastry-paradox\node_modules\react-dom\cjs\react-dom.development.js:21626:16)
    at HTMLUnknownElement.callCallback (C:\Users\njyti\Desktop\Google-Antigravity\pastry-paradox\node_modules\react-dom\cjs\react-dom.development.js:4164:14)
    at HTMLUnknownElement.callTheUserObjectsOperation (C:\Users\njyti\Desktop\Google-Antigravity\pastry-paradox\node_modules\jsdom\lib\jsdom\living\generated\EventListener.js:26:30)
    at innerInvokeEventListeners (C:\Users\njyti\Desktop\Google-Antigravity\pastry-paradox\node_modules\jsdom\lib\jsdom\living\events\EventTarget-impl.js:360:16)
    at invokeEventListeners (C:\Users\njyti\Desktop\Google-Antigravity\pastry-paradox\node_modules\jsdom\lib\jsdom\living\events\EventTarget-impl.js:296:3)
ReferenceError: Cannot access 'cps' before initialization
    at useCakeLogic (C:/Users/njyti/Desktop/Google-Antigravity/pastry-paradox/src/features/cake/logic/useCakeLogic.js:222:9)
    at C:/Users/njyti/Desktop/Google-Antigravity/pastry-paradox/src/features/cake/logic/useCakeLogic.test.js:49:61
    at TestComponent (C:\Users\njyti\Desktop\Google-Antigravity\pastry-paradox\node_modules\@testing-library\react\dist\pure.js:331:27)
    at renderWithHooks (C:\Users\njyti\Desktop\Google-Antigravity\pastry-paradox\node_modules\react-dom\cjs\react-dom.development.js:15486:18)
    at mountIndeterminateComponent (C:\Users\njyti\Desktop\Google-Antigravity\pastry-paradox\node_modules\react-dom\cjs\react-dom.development.js:20103:13)
    at beginWork (C:\Users\njyti\Desktop\Google-Antigravity\pastry-paradox\node_modules\react-dom\cjs\react-dom.development.js:21626:16)
    at HTMLUnknownElement.callCallback (C:\Users\njyti\Desktop\Google-Antigravity\pastry-paradox\node_modules\react-dom\cjs\react-dom.development.js:4164:14)
    at HTMLUnknownElement.callTheUserObjectsOperation (C:\Users\njyti\Desktop\Google-Antigravity\pastry-paradox\node_modules\jsdom\lib\jsdom\living\generated\EventListener.js:26:30)
    at innerInvokeEventListeners (C:\Users\njyti\Desktop\Google-Antigravity\pastry-paradox\node_modules\jsdom\lib\jsdom\living\events\EventTarget-impl.js:360:16)
    at invokeEventListeners (C:\Users\njyti\Desktop\Google-Antigravity\pastry-paradox\node_modules\jsdom\lib\jsdom\living\events\EventTarget-impl.js:296:3)
stderr | src/features/cake/logic/useCakeLogic.test.js > useCakeLogic > Clicking > accumulates balance with multiple clicks
The above error occurred in the <TestComponent> component:

    at TestComponent (C:\Users\njyti\Desktop\Google-Antigravity\pastry-paradox\node_modules\@testing-library\react\dist\pure.js:329:5)

Consider adding an error boundary to your tree to customize error handling behavior.
Visit https://reactjs.org/link/error-boundaries to learn more about error boundaries.

ReferenceError: Cannot access 'cps' before initialization
    at useCakeLogic (C:/Users/njyti/Desktop/Google-Antigravity/pastry-paradox/src/features/cake/logic/useCakeLogic.js:222:9)
    at C:/Users/njyti/Desktop/Google-Antigravity/pastry-paradox/src/features/cake/logic/useCakeLogic.test.js:63:61
    at TestComponent (C:\Users\njyti\Desktop\Google-Antigravity\pastry-paradox\node_modules\@testing-library\react\dist\pure.js:331:27)
    at renderWithHooks (C:\Users\njyti\Desktop\Google-Antigravity\pastry-paradox\node_modules\react-dom\cjs\react-dom.development.js:15486:18)
    at mountIndeterminateComponent (C:\Users\njyti\Desktop\Google-Antigravity\pastry-paradox\node_modules\react-dom\cjs\react-dom.development.js:20103:13)
    at beginWork (C:\Users\njyti\Desktop\Google-Antigravity\pastry-paradox\node_modules\react-dom\cjs\react-dom.development.js:21626:16)
    at HTMLUnknownElement.callCallback (C:\Users\njyti\Desktop\Google-Antigravity\pastry-paradox\node_modules\react-dom\cjs\react-dom.development.js:4164:14)
    at HTMLUnknownElement.callTheUserObjectsOperation (C:\Users\njyti\Desktop\Google-Antigravity\pastry-paradox\node_modules\jsdom\lib\jsdom\living\generated\EventListener.js:26:30)
    at innerInvokeEventListeners (C:\Users\njyti\Desktop\Google-Antigravity\pastry-paradox\node_modules\jsdom\lib\jsdom\living\events\EventTarget-impl.js:360:16)
    at invokeEventListeners (C:\Users\njyti\Desktop\Google-Antigravity\pastry-paradox\node_modules\jsdom\lib\jsdom\living\events\EventTarget-impl.js:296:3)
ReferenceError: Cannot access 'cps' before initialization
    at useCakeLogic (C:/Users/njyti/Desktop/Google-Antigravity/pastry-paradox/src/features/cake/logic/useCakeLogic.js:222:9)
    at C:/Users/njyti/Desktop/Google-Antigravity/pastry-paradox/src/features/cake/logic/useCakeLogic.test.js:63:61
    at TestComponent (C:\Users\njyti\Desktop\Google-Antigravity\pastry-paradox\node_modules\@testing-library\react\dist\pure.js:331:27)
    at renderWithHooks (C:\Users\njyti\Desktop\Google-Antigravity\pastry-paradox\node_modules\react-dom\cjs\react-dom.development.js:15486:18)
    at mountIndeterminateComponent (C:\Users\njyti\Desktop\Google-Antigravity\pastry-paradox\node_modules\react-dom\cjs\react-dom.development.js:20103:13)
    at beginWork (C:\Users\njyti\Desktop\Google-Antigravity\pastry-paradox\node_modules\react-dom\cjs\react-dom.development.js:21626:16)
    at HTMLUnknownElement.callCallback (C:\Users\njyti\Desktop\Google-Antigravity\pastry-paradox\node_modules\react-dom\cjs\react-dom.development.js:4164:14)
    at HTMLUnknownElement.callTheUserObjectsOperation (C:\Users\njyti\Desktop\Google-Antigravity\pastry-paradox\node_modules\jsdom\lib\jsdom\living\generated\EventListener.js:26:30)
    at innerInvokeEventListeners (C:\Users\njyti\Desktop\Google-Antigravity\pastry-paradox\node_modules\jsdom\lib\jsdom\living\events\EventTarget-impl.js:360:16)
    at invokeEventListeners (C:\Users\njyti\Desktop\Google-Antigravity\pastry-paradox\node_modules\jsdom\lib\jsdom\living\events\EventTarget-impl.js:296:3)
stderr | src/features/cake/logic/useCakeLogic.test.js > useCakeLogic > Buffs & Modifiers > applies production buff correctly
The above error occurred in the <TestComponent> component:

    at TestComponent (C:\Users\njyti\Desktop\Google-Antigravity\pastry-paradox\node_modules\@testing-library\react\dist\pure.js:329:5)

Consider adding an error boundary to your tree to customize error handling behavior.
Visit https://reactjs.org/link/error-boundaries to learn more about error boundaries.

ReferenceError: Cannot access 'cps' before initialization
    at useCakeLogic (C:/Users/njyti/Desktop/Google-Antigravity/pastry-paradox/src/features/cake/logic/useCakeLogic.js:222:9)
    at C:/Users/njyti/Desktop/Google-Antigravity/pastry-paradox/src/features/cake/logic/useCakeLogic.test.js:76:61
    at TestComponent (C:\Users\njyti\Desktop\Google-Antigravity\pastry-paradox\node_modules\@testing-library\react\dist\pure.js:331:27)
    at renderWithHooks (C:\Users\njyti\Desktop\Google-Antigravity\pastry-paradox\node_modules\react-dom\cjs\react-dom.development.js:15486:18)
    at mountIndeterminateComponent (C:\Users\njyti\Desktop\Google-Antigravity\pastry-paradox\node_modules\react-dom\cjs\react-dom.development.js:20103:13)
    at beginWork (C:\Users\njyti\Desktop\Google-Antigravity\pastry-paradox\node_modules\react-dom\cjs\react-dom.development.js:21626:16)
    at HTMLUnknownElement.callCallback (C:\Users\njyti\Desktop\Google-Antigravity\pastry-paradox\node_modules\react-dom\cjs\react-dom.development.js:4164:14)
    at HTMLUnknownElement.callTheUserObjectsOperation (C:\Users\njyti\Desktop\Google-Antigravity\pastry-paradox\node_modules\jsdom\lib\jsdom\living\generated\EventListener.js:26:30)
    at innerInvokeEventListeners (C:\Users\njyti\Desktop\Google-Antigravity\pastry-paradox\node_modules\jsdom\lib\jsdom\living\events\EventTarget-impl.js:360:16)
    at invokeEventListeners (C:\Users\njyti\Desktop\Google-Antigravity\pastry-paradox\node_modules\jsdom\lib\jsdom\living\events\EventTarget-impl.js:296:3)
ReferenceError: Cannot access 'cps' before initialization
    at useCakeLogic (C:/Users/njyti/Desktop/Google-Antigravity/pastry-paradox/src/features/cake/logic/useCakeLogic.js:222:9)
    at C:/Users/njyti/Desktop/Google-Antigravity/pastry-paradox/src/features/cake/logic/useCakeLogic.test.js:76:61
    at TestComponent (C:\Users\njyti\Desktop\Google-Antigravity\pastry-paradox\node_modules\@testing-library\react\dist\pure.js:331:27)
    at renderWithHooks (C:\Users\njyti\Desktop\Google-Antigravity\pastry-paradox\node_modules\react-dom\cjs\react-dom.development.js:15486:18)
    at mountIndeterminateComponent (C:\Users\njyti\Desktop\Google-Antigravity\pastry-paradox\node_modules\react-dom\cjs\react-dom.development.js:20103:13)
    at beginWork (C:\Users\njyti\Desktop\Google-Antigravity\pastry-paradox\node_modules\react-dom\cjs\react-dom.development.js:21626:16)
    at HTMLUnknownElement.callCallback (C:\Users\njyti\Desktop\Google-Antigravity\pastry-paradox\node_modules\react-dom\cjs\react-dom.development.js:4164:14)
    at HTMLUnknownElement.callTheUserObjectsOperation (C:\Users\njyti\Desktop\Google-Antigravity\pastry-paradox\node_modules\jsdom\lib\jsdom\living\generated\EventListener.js:26:30)
    at innerInvokeEventListeners (C:\Users\njyti\Desktop\Google-Antigravity\pastry-paradox\node_modules\jsdom\lib\jsdom\living\events\EventTarget-impl.js:360:16)
    at invokeEventListeners (C:\Users\njyti\Desktop\Google-Antigravity\pastry-paradox\node_modules\jsdom\lib\jsdom\living\events\EventTarget-impl.js:296:3)
stderr | src/features/cake/logic/useCakeLogic.test.js > useCakeLogic > Buffs & Modifiers > applies click buff correctly
The above error occurred in the <TestComponent> component:

    at TestComponent (C:\Users\njyti\Desktop\Google-Antigravity\pastry-paradox\node_modules\@testing-library\react\dist\pure.js:329:5)

Consider adding an error boundary to your tree to customize error handling behavior.
Visit https://reactjs.org/link/error-boundaries to learn more about error boundaries.

ReferenceError: Cannot access 'cps' before initialization
    at useCakeLogic (C:/Users/njyti/Desktop/Google-Antigravity/pastry-paradox/src/features/cake/logic/useCakeLogic.js:222:9)
    at C:/Users/njyti/Desktop/Google-Antigravity/pastry-paradox/src/features/cake/logic/useCakeLogic.test.js:93:61
    at TestComponent (C:\Users\njyti\Desktop\Google-Antigravity\pastry-paradox\node_modules\@testing-library\react\dist\pure.js:331:27)
    at renderWithHooks (C:\Users\njyti\Desktop\Google-Antigravity\pastry-paradox\node_modules\react-dom\cjs\react-dom.development.js:15486:18)
    at mountIndeterminateComponent (C:\Users\njyti\Desktop\Google-Antigravity\pastry-paradox\node_modules\react-dom\cjs\react-dom.development.js:20103:13)
    at beginWork (C:\Users\njyti\Desktop\Google-Antigravity\pastry-paradox\node_modules\react-dom\cjs\react-dom.development.js:21626:16)
    at HTMLUnknownElement.callCallback (C:\Users\njyti\Desktop\Google-Antigravity\pastry-paradox\node_modules\react-dom\cjs\react-dom.development.js:4164:14)
    at HTMLUnknownElement.callTheUserObjectsOperation (C:\Users\njyti\Desktop\Google-Antigravity\pastry-paradox\node_modules\jsdom\lib\jsdom\living\generated\EventListener.js:26:30)
    at innerInvokeEventListeners (C:\Users\njyti\Desktop\Google-Antigravity\pastry-paradox\node_modules\jsdom\lib\jsdom\living\events\EventTarget-impl.js:360:16)
    at invokeEventListeners (C:\Users\njyti\Desktop\Google-Antigravity\pastry-paradox\node_modules\jsdom\lib\jsdom\living\events\EventTarget-impl.js:296:3)
ReferenceError: Cannot access 'cps' before initialization
    at useCakeLogic (C:/Users/njyti/Desktop/Google-Antigravity/pastry-paradox/src/features/cake/logic/useCakeLogic.js:222:9)
    at C:/Users/njyti/Desktop/Google-Antigravity/pastry-paradox/src/features/cake/logic/useCakeLogic.test.js:93:61
    at TestComponent (C:\Users\njyti\Desktop\Google-Antigravity\pastry-paradox\node_modules\@testing-library\react\dist\pure.js:331:27)
    at renderWithHooks (C:\Users\njyti\Desktop\Google-Antigravity\pastry-paradox\node_modules\react-dom\cjs\react-dom.development.js:15486:18)
    at mountIndeterminateComponent (C:\Users\njyti\Desktop\Google-Antigravity\pastry-paradox\node_modules\react-dom\cjs\react-dom.development.js:20103:13)
    at beginWork (C:\Users\njyti\Desktop\Google-Antigravity\pastry-paradox\node_modules\react-dom\cjs\react-dom.development.js:21626:16)
    at HTMLUnknownElement.callCallback (C:\Users\njyti\Desktop\Google-Antigravity\pastry-paradox\node_modules\react-dom\cjs\react-dom.development.js:4164:14)
    at HTMLUnknownElement.callTheUserObjectsOperation (C:\Users\njyti\Desktop\Google-Antigravity\pastry-paradox\node_modules\jsdom\lib\jsdom\living\generated\EventListener.js:26:30)
    at innerInvokeEventListeners (C:\Users\njyti\Desktop\Google-Antigravity\pastry-paradox\node_modules\jsdom\lib\jsdom\living\events\EventTarget-impl.js:360:16)
    at invokeEventListeners (C:\Users\njyti\Desktop\Google-Antigravity\pastry-paradox\node_modules\jsdom\lib\jsdom\living\events\EventTarget-impl.js:296:3)
stderr | src/features/cake/logic/useCakeLogic.test.js > useCakeLogic > Buffs & Modifiers > applies discount correctly
The above error occurred in the <TestComponent> component:

    at TestComponent (C:\Users\njyti\Desktop\Google-Antigravity\pastry-paradox\node_modules\@testing-library\react\dist\pure.js:329:5)

Consider adding an error boundary to your tree to customize error handling behavior.
Visit https://reactjs.org/link/error-boundaries to learn more about error boundaries.

ReferenceError: Cannot access 'cps' before initialization
    at useCakeLogic (C:/Users/njyti/Desktop/Google-Antigravity/pastry-paradox/src/features/cake/logic/useCakeLogic.js:222:9)
    at C:/Users/njyti/Desktop/Google-Antigravity/pastry-paradox/src/features/cake/logic/useCakeLogic.test.js:123:61
    at TestComponent (C:\Users\njyti\Desktop\Google-Antigravity\pastry-paradox\node_modules\@testing-library\react\dist\pure.js:331:27)
    at renderWithHooks (C:\Users\njyti\Desktop\Google-Antigravity\pastry-paradox\node_modules\react-dom\cjs\react-dom.development.js:15486:18)
    at mountIndeterminateComponent (C:\Users\njyti\Desktop\Google-Antigravity\pastry-paradox\node_modules\react-dom\cjs\react-dom.development.js:20103:13)
    at beginWork (C:\Users\njyti\Desktop\Google-Antigravity\pastry-paradox\node_modules\react-dom\cjs\react-dom.development.js:21626:16)
    at HTMLUnknownElement.callCallback (C:\Users\njyti\Desktop\Google-Antigravity\pastry-paradox\node_modules\react-dom\cjs\react-dom.development.js:4164:14)
    at HTMLUnknownElement.callTheUserObjectsOperation (C:\Users\njyti\Desktop\Google-Antigravity\pastry-paradox\node_modules\jsdom\lib\jsdom\living\generated\EventListener.js:26:30)
    at innerInvokeEventListeners (C:\Users\njyti\Desktop\Google-Antigravity\pastry-paradox\node_modules\jsdom\lib\jsdom\living\events\EventTarget-impl.js:360:16)
    at invokeEventListeners (C:\Users\njyti\Desktop\Google-Antigravity\pastry-paradox\node_modules\jsdom\lib\jsdom\living\events\EventTarget-impl.js:296:3)
ReferenceError: Cannot access 'cps' before initialization
    at useCakeLogic (C:/Users/njyti/Desktop/Google-Antigravity/pastry-paradox/src/features/cake/logic/useCakeLogic.js:222:9)
    at C:/Users/njyti/Desktop/Google-Antigravity/pastry-paradox/src/features/cake/logic/useCakeLogic.test.js:123:61
    at TestComponent (C:\Users\njyti\Desktop\Google-Antigravity\pastry-paradox\node_modules\@testing-library\react\dist\pure.js:331:27)
    at renderWithHooks (C:\Users\njyti\Desktop\Google-Antigravity\pastry-paradox\node_modules\react-dom\cjs\react-dom.development.js:15486:18)
    at mountIndeterminateComponent (C:\Users\njyti\Desktop\Google-Antigravity\pastry-paradox\node_modules\react-dom\cjs\react-dom.development.js:20103:13)
    at beginWork (C:\Users\njyti\Desktop\Google-Antigravity\pastry-paradox\node_modules\react-dom\cjs\react-dom.development.js:21626:16)
    at HTMLUnknownElement.callCallback (C:\Users\njyti\Desktop\Google-Antigravity\pastry-paradox\node_modules\react-dom\cjs\react-dom.development.js:4164:14)
    at HTMLUnknownElement.callTheUserObjectsOperation (C:\Users\njyti\Desktop\Google-Antigravity\pastry-paradox\node_modules\jsdom\lib\jsdom\living\generated\EventListener.js:26:30)
    at innerInvokeEventListeners (C:\Users\njyti\Desktop\Google-Antigravity\pastry-paradox\node_modules\jsdom\lib\jsdom\living\events\EventTarget-impl.js:360:16)
    at invokeEventListeners (C:\Users\njyti\Desktop\Google-Antigravity\pastry-paradox\node_modules\jsdom\lib\jsdom\living\events\EventTarget-impl.js:296:3)
stderr | src/features/cake/logic/useCakeLogic.test.js > useCakeLogic > Purchases > cannot afford generator with 0 balance
The above error occurred in the <TestComponent> component:

    at TestComponent (C:\Users\njyti\Desktop\Google-Antigravity\pastry-paradox\node_modules\@testing-library\react\dist\pure.js:329:5)

Consider adding an error boundary to your tree to customize error handling behavior.
Visit https://reactjs.org/link/error-boundaries to learn more about error boundaries.

ReferenceError: Cannot access 'cps' before initialization
    at useCakeLogic (C:/Users/njyti/Desktop/Google-Antigravity/pastry-paradox/src/features/cake/logic/useCakeLogic.js:222:9)
    at C:/Users/njyti/Desktop/Google-Antigravity/pastry-paradox/src/features/cake/logic/useCakeLogic.test.js:128:61
    at TestComponent (C:\Users\njyti\Desktop\Google-Antigravity\pastry-paradox\node_modules\@testing-library\react\dist\pure.js:331:27)
    at renderWithHooks (C:\Users\njyti\Desktop\Google-Antigravity\pastry-paradox\node_modules\react-dom\cjs\react-dom.development.js:15486:18)
    at mountIndeterminateComponent (C:\Users\njyti\Desktop\Google-Antigravity\pastry-paradox\node_modules\react-dom\cjs\react-dom.development.js:20103:13)
    at beginWork (C:\Users\njyti\Desktop\Google-Antigravity\pastry-paradox\node_modules\react-dom\cjs\react-dom.development.js:21626:16)
    at HTMLUnknownElement.callCallback (C:\Users\njyti\Desktop\Google-Antigravity\pastry-paradox\node_modules\react-dom\cjs\react-dom.development.js:4164:14)
    at HTMLUnknownElement.callTheUserObjectsOperation (C:\Users\njyti\Desktop\Google-Antigravity\pastry-paradox\node_modules\jsdom\lib\jsdom\living\generated\EventListener.js:26:30)
    at innerInvokeEventListeners (C:\Users\njyti\Desktop\Google-Antigravity\pastry-paradox\node_modules\jsdom\lib\jsdom\living\events\EventTarget-impl.js:360:16)
    at invokeEventListeners (C:\Users\njyti\Desktop\Google-Antigravity\pastry-paradox\node_modules\jsdom\lib\jsdom\living\events\EventTarget-impl.js:296:3)
ReferenceError: Cannot access 'cps' before initialization
    at useCakeLogic (C:/Users/njyti/Desktop/Google-Antigravity/pastry-paradox/src/features/cake/logic/useCakeLogic.js:222:9)
    at C:/Users/njyti/Desktop/Google-Antigravity/pastry-paradox/src/features/cake/logic/useCakeLogic.test.js:128:61
    at TestComponent (C:\Users\njyti\Desktop\Google-Antigravity\pastry-paradox\node_modules\@testing-library\react\dist\pure.js:331:27)
    at renderWithHooks (C:\Users\njyti\Desktop\Google-Antigravity\pastry-paradox\node_modules\react-dom\cjs\react-dom.development.js:15486:18)
    at mountIndeterminateComponent (C:\Users\njyti\Desktop\Google-Antigravity\pastry-paradox\node_modules\react-dom\cjs\react-dom.development.js:20103:13)
    at beginWork (C:\Users\njyti\Desktop\Google-Antigravity\pastry-paradox\node_modules\react-dom\cjs\react-dom.development.js:21626:16)
    at HTMLUnknownElement.callCallback (C:\Users\njyti\Desktop\Google-Antigravity\pastry-paradox\node_modules\react-dom\cjs\react-dom.development.js:4164:14)
    at HTMLUnknownElement.callTheUserObjectsOperation (C:\Users\njyti\Desktop\Google-Antigravity\pastry-paradox\node_modules\jsdom\lib\jsdom\living\generated\EventListener.js:26:30)
    at innerInvokeEventListeners (C:\Users\njyti\Desktop\Google-Antigravity\pastry-paradox\node_modules\jsdom\lib\jsdom\living\events\EventTarget-impl.js:360:16)
    at invokeEventListeners (C:\Users\njyti\Desktop\Google-Antigravity\pastry-paradox\node_modules\jsdom\lib\jsdom\living\events\EventTarget-impl.js:296:3)
stderr | src/features/cake/logic/useCakeLogic.test.js > useCakeLogic > Purchases > can afford generator when balance exceeds cost
The above error occurred in the <TestComponent> component:

    at TestComponent (C:\Users\njyti\Desktop\Google-Antigravity\pastry-paradox\node_modules\@testing-library\react\dist\pure.js:329:5)

Consider adding an error boundary to your tree to customize error handling behavior.
Visit https://reactjs.org/link/error-boundaries to learn more about error boundaries.

ReferenceError: Cannot access 'cps' before initialization
    at useCakeLogic (C:/Users/njyti/Desktop/Google-Antigravity/pastry-paradox/src/features/cake/logic/useCakeLogic.js:222:9)
    at C:/Users/njyti/Desktop/Google-Antigravity/pastry-paradox/src/features/cake/logic/useCakeLogic.test.js:141:61
    at TestComponent (C:\Users\njyti\Desktop\Google-Antigravity\pastry-paradox\node_modules\@testing-library\react\dist\pure.js:331:27)
    at renderWithHooks (C:\Users\njyti\Desktop\Google-Antigravity\pastry-paradox\node_modules\react-dom\cjs\react-dom.development.js:15486:18)
    at mountIndeterminateComponent (C:\Users\njyti\Desktop\Google-Antigravity\pastry-paradox\node_modules\react-dom\cjs\react-dom.development.js:20103:13)
    at beginWork (C:\Users\njyti\Desktop\Google-Antigravity\pastry-paradox\node_modules\react-dom\cjs\react-dom.development.js:21626:16)
    at HTMLUnknownElement.callCallback (C:\Users\njyti\Desktop\Google-Antigravity\pastry-paradox\node_modules\react-dom\cjs\react-dom.development.js:4164:14)
    at HTMLUnknownElement.callTheUserObjectsOperation (C:\Users\njyti\Desktop\Google-Antigravity\pastry-paradox\node_modules\jsdom\lib\jsdom\living\generated\EventListener.js:26:30)
    at innerInvokeEventListeners (C:\Users\njyti\Desktop\Google-Antigravity\pastry-paradox\node_modules\jsdom\lib\jsdom\living\events\EventTarget-impl.js:360:16)
    at invokeEventListeners (C:\Users\njyti\Desktop\Google-Antigravity\pastry-paradox\node_modules\jsdom\lib\jsdom\living\events\EventTarget-impl.js:296:3)
ReferenceError: Cannot access 'cps' before initialization
    at useCakeLogic (C:/Users/njyti/Desktop/Google-Antigravity/pastry-paradox/src/features/cake/logic/useCakeLogic.js:222:9)
    at C:/Users/njyti/Desktop/Google-Antigravity/pastry-paradox/src/features/cake/logic/useCakeLogic.test.js:141:61
    at TestComponent (C:\Users\njyti\Desktop\Google-Antigravity\pastry-paradox\node_modules\@testing-library\react\dist\pure.js:331:27)
    at renderWithHooks (C:\Users\njyti\Desktop\Google-Antigravity\pastry-paradox\node_modules\react-dom\cjs\react-dom.development.js:15486:18)
    at mountIndeterminateComponent (C:\Users\njyti\Desktop\Google-Antigravity\pastry-paradox\node_modules\react-dom\cjs\react-dom.development.js:20103:13)
    at beginWork (C:\Users\njyti\Desktop\Google-Antigravity\pastry-paradox\node_modules\react-dom\cjs\react-dom.development.js:21626:16)
    at HTMLUnknownElement.callCallback (C:\Users\njyti\Desktop\Google-Antigravity\pastry-paradox\node_modules\react-dom\cjs\react-dom.development.js:4164:14)
    at HTMLUnknownElement.callTheUserObjectsOperation (C:\Users\njyti\Desktop\Google-Antigravity\pastry-paradox\node_modules\jsdom\lib\jsdom\living\generated\EventListener.js:26:30)
    at innerInvokeEventListeners (C:\Users\njyti\Desktop\Google-Antigravity\pastry-paradox\node_modules\jsdom\lib\jsdom\living\events\EventTarget-impl.js:360:16)
    at invokeEventListeners (C:\Users\njyti\Desktop\Google-Antigravity\pastry-paradox\node_modules\jsdom\lib\jsdom\living\events\EventTarget-impl.js:296:3)
stderr | src/features/cake/logic/useCakeLogic.test.js > useCakeLogic > Purchases > deducts cost and increases owned count on purchase
The above error occurred in the <TestComponent> component:

    at TestComponent (C:\Users\njyti\Desktop\Google-Antigravity\pastry-paradox\node_modules\@testing-library\react\dist\pure.js:329:5)

Consider adding an error boundary to your tree to customize error handling behavior.
Visit https://reactjs.org/link/error-boundaries to learn more about error boundaries.

ReferenceError: Cannot access 'cps' before initialization
    at useCakeLogic (C:/Users/njyti/Desktop/Google-Antigravity/pastry-paradox/src/features/cake/logic/useCakeLogic.js:222:9)
    at C:/Users/njyti/Desktop/Google-Antigravity/pastry-paradox/src/features/cake/logic/useCakeLogic.test.js:163:61
    at TestComponent (C:\Users\njyti\Desktop\Google-Antigravity\pastry-paradox\node_modules\@testing-library\react\dist\pure.js:331:27)
    at renderWithHooks (C:\Users\njyti\Desktop\Google-Antigravity\pastry-paradox\node_modules\react-dom\cjs\react-dom.development.js:15486:18)
    at mountIndeterminateComponent (C:\Users\njyti\Desktop\Google-Antigravity\pastry-paradox\node_modules\react-dom\cjs\react-dom.development.js:20103:13)
    at beginWork (C:\Users\njyti\Desktop\Google-Antigravity\pastry-paradox\node_modules\react-dom\cjs\react-dom.development.js:21626:16)
    at HTMLUnknownElement.callCallback (C:\Users\njyti\Desktop\Google-Antigravity\pastry-paradox\node_modules\react-dom\cjs\react-dom.development.js:4164:14)
    at HTMLUnknownElement.callTheUserObjectsOperation (C:\Users\njyti\Desktop\Google-Antigravity\pastry-paradox\node_modules\jsdom\lib\jsdom\living\generated\EventListener.js:26:30)
    at innerInvokeEventListeners (C:\Users\njyti\Desktop\Google-Antigravity\pastry-paradox\node_modules\jsdom\lib\jsdom\living\events\EventTarget-impl.js:360:16)
    at invokeEventListeners (C:\Users\njyti\Desktop\Google-Antigravity\pastry-paradox\node_modules\jsdom\lib\jsdom\living\events\EventTarget-impl.js:296:3)
ReferenceError: Cannot access 'cps' before initialization
    at useCakeLogic (C:/Users/njyti/Desktop/Google-Antigravity/pastry-paradox/src/features/cake/logic/useCakeLogic.js:222:9)
    at C:/Users/njyti/Desktop/Google-Antigravity/pastry-paradox/src/features/cake/logic/useCakeLogic.test.js:163:61
    at TestComponent (C:\Users\njyti\Desktop\Google-Antigravity\pastry-paradox\node_modules\@testing-library\react\dist\pure.js:331:27)
    at renderWithHooks (C:\Users\njyti\Desktop\Google-Antigravity\pastry-paradox\node_modules\react-dom\cjs\react-dom.development.js:15486:18)
    at mountIndeterminateComponent (C:\Users\njyti\Desktop\Google-Antigravity\pastry-paradox\node_modules\react-dom\cjs\react-dom.development.js:20103:13)
    at beginWork (C:\Users\njyti\Desktop\Google-Antigravity\pastry-paradox\node_modules\react-dom\cjs\react-dom.development.js:21626:16)
    at HTMLUnknownElement.callCallback (C:\Users\njyti\Desktop\Google-Antigravity\pastry-paradox\node_modules\react-dom\cjs\react-dom.development.js:4164:14)
    at HTMLUnknownElement.callTheUserObjectsOperation (C:\Users\njyti\Desktop\Google-Antigravity\pastry-paradox\node_modules\jsdom\lib\jsdom\living\generated\EventListener.js:26:30)
    at innerInvokeEventListeners (C:\Users\njyti\Desktop\Google-Antigravity\pastry-paradox\node_modules\jsdom\lib\jsdom\living\events\EventTarget-impl.js:360:16)
    at invokeEventListeners (C:\Users\njyti\Desktop\Google-Antigravity\pastry-paradox\node_modules\jsdom\lib\jsdom\living\events\EventTarget-impl.js:296:3)
stderr | src/features/cake/logic/useCakeLogic.test.js > useCakeLogic > Number Formatting > formats millions correctly
The above error occurred in the <TestComponent> component:

    at TestComponent (C:\Users\njyti\Desktop\Google-Antigravity\pastry-paradox\node_modules\@testing-library\react\dist\pure.js:329:5)

Consider adding an error boundary to your tree to customize error handling behavior.
Visit https://reactjs.org/link/error-boundaries to learn more about error boundaries.

 [31mΓ¥»[39m src/features/cake/logic/useCakeLogic.test.js [2m([22m[2m13 tests[22m[2m | [22m[31m13 failed[39m[2m)[22m[32m 135[2mms[22m[39m
[31m       [31m├ù[31m starts with 0 balance[39m[32m 56[2mms[22m[39m
[31m       [31m├ù[31m starts with 0 CpS[39m[32m 9[2mms[22m[39m
[31m       [31m├ù[31m starts with click power of 1[39m[32m 8[2mms[22m[39m
[31m       [31m├ù[31m loads all 15 production tiers[39m[32m 8[2mms[22m[39m
[31m       [31m├ù[31m increases balance by click power on click[39m[32m 6[2mms[22m[39m
[31m       [31m├ù[31m accumulates balance with multiple clicks[39m[32m 7[2mms[22m[39m
[31m       [31m├ù[31m applies production buff correctly[39m[32m 5[2mms[22m[39m
[31m       [31m├ù[31m applies click buff correctly[39m[32m 6[2mms[22m[39m
[31m       [31m├ù[31m applies discount correctly[39m[32m 6[2mms[22m[39m
[31m       [31m├ù[31m cannot afford generator with 0 balance[39m[32m 5[2mms[22m[39m
[31m       [31m├ù[31m can afford generator when balance exceeds cost[39m[32m 4[2mms[22m[39m
[31m       [31m├ù[31m deducts cost and increases owned count on purchase[39m[32m 6[2mms[22m[39m
[31m       [31m├ù[31m formats millions correctly[39m[32m 4[2mms[22m[39m

ΓÄ»ΓÄ»ΓÄ»ΓÄ»ΓÄ»ΓÄ» Failed Tests 13 ΓÄ»ΓÄ»ΓÄ»ΓÄ»ΓÄ»ΓÄ»ΓÄ»

 FAIL  src/features/cake/logic/useCakeLogic.test.js > useCakeLogic > Initial State > starts with 0 balance
ReferenceError: Cannot access 'cps' before initialization
 Γ¥» useCakeLogic src/features/cake/logic/useCakeLogic.js:222:9
    220|         }
    221|         return amount;
    222|     }, [cps]);
       |         ^
    223| 
    224|     // Click particles for animation
 Γ¥» src/features/cake/logic/useCakeLogic.test.js:17:61
 Γ¥» TestComponent node_modules/@testing-library/react/dist/pure.js:331:27
 Γ¥» renderWithHooks node_modules/react-dom/cjs/react-dom.development.js:15486:18
 Γ¥» mountIndeterminateComponent node_modules/react-dom/cjs/react-dom.development.js:20103:13
 Γ¥» beginWork node_modules/react-dom/cjs/react-dom.development.js:21626:16
 Γ¥» beginWork$1 node_modules/react-dom/cjs/react-dom.development.js:27465:14
 Γ¥» performUnitOfWork node_modules/react-dom/cjs/react-dom.development.js:26599:12
 Γ¥» workLoopSync node_modules/react-dom/cjs/react-dom.development.js:26505:5
 Γ¥» renderRootSync node_modules/react-dom/cjs/react-dom.development.js:26473:7

ΓÄ»ΓÄ»ΓÄ»ΓÄ»ΓÄ»ΓÄ»ΓÄ»ΓÄ»ΓÄ»ΓÄ»ΓÄ»ΓÄ»ΓÄ»ΓÄ»ΓÄ»ΓÄ»ΓÄ»ΓÄ»ΓÄ»ΓÄ»ΓÄ»ΓÄ»ΓÄ»[1/13]ΓÄ»

 FAIL  src/features/cake/logic/useCakeLogic.test.js > useCakeLogic > Initial State > starts with 0 CpS
ReferenceError: Cannot access 'cps' before initialization
 Γ¥» useCakeLogic src/features/cake/logic/useCakeLogic.js:222:9
    220|         }
    221|         return amount;
    222|     }, [cps]);
       |         ^
    223| 
    224|     // Click particles for animation
 Γ¥» src/features/cake/logic/useCakeLogic.test.js:22:61
 Γ¥» TestComponent node_modules/@testing-library/react/dist/pure.js:331:27
 Γ¥» renderWithHooks node_modules/react-dom/cjs/react-dom.development.js:15486:18
 Γ¥» mountIndeterminateComponent node_modules/react-dom/cjs/react-dom.development.js:20103:13
 Γ¥» beginWork node_modules/react-dom/cjs/react-dom.development.js:21626:16
 Γ¥» beginWork$1 node_modules/react-dom/cjs/react-dom.development.js:27465:14
 Γ¥» performUnitOfWork node_modules/react-dom/cjs/react-dom.development.js:26599:12
 Γ¥» workLoopSync node_modules/react-dom/cjs/react-dom.development.js:26505:5
 Γ¥» renderRootSync node_modules/react-dom/cjs/react-dom.development.js:26473:7

ΓÄ»ΓÄ»ΓÄ»ΓÄ»ΓÄ»ΓÄ»ΓÄ»ΓÄ»ΓÄ»ΓÄ»ΓÄ»ΓÄ»ΓÄ»ΓÄ»ΓÄ»ΓÄ»ΓÄ»ΓÄ»ΓÄ»ΓÄ»ΓÄ»ΓÄ»ΓÄ»[2/13]ΓÄ»

 FAIL  src/features/cake/logic/useCakeLogic.test.js > useCakeLogic > Initial State > starts with click power of 1
ReferenceError: Cannot access 'cps' before initialization
 Γ¥» useCakeLogic src/features/cake/logic/useCakeLogic.js:222:9
    220|         }
    221|         return amount;
    222|     }, [cps]);
       |         ^
    223| 
    224|     // Click particles for animation
 Γ¥» src/features/cake/logic/useCakeLogic.test.js:27:61
 Γ¥» TestComponent node_modules/@testing-library/react/dist/pure.js:331:27
 Γ¥» renderWithHooks node_modules/react-dom/cjs/react-dom.development.js:15486:18
 Γ¥» mountIndeterminateComponent node_modules/react-dom/cjs/react-dom.development.js:20103:13
 Γ¥» beginWork node_modules/react-dom/cjs/react-dom.development.js:21626:16
 Γ¥» beginWork$1 node_modules/react-dom/cjs/react-dom.development.js:27465:14
 Γ¥» performUnitOfWork node_modules/react-dom/cjs/react-dom.development.js:26599:12
 Γ¥» workLoopSync node_modules/react-dom/cjs/react-dom.development.js:26505:5
 Γ¥» renderRootSync node_modules/react-dom/cjs/react-dom.development.js:26473:7

ΓÄ»ΓÄ»ΓÄ»ΓÄ»ΓÄ»ΓÄ»ΓÄ»ΓÄ»ΓÄ»ΓÄ»ΓÄ»ΓÄ»ΓÄ»ΓÄ»ΓÄ»ΓÄ»ΓÄ»ΓÄ»ΓÄ»ΓÄ»ΓÄ»ΓÄ»ΓÄ»[3/13]ΓÄ»

 FAIL  src/features/cake/logic/useCakeLogic.test.js > useCakeLogic > Initial State > loads all 15 production tiers
ReferenceError: Cannot access 'cps' before initialization
 Γ¥» useCakeLogic src/features/cake/logic/useCakeLogic.js:222:9
    220|         }
    221|         return amount;
    222|     }, [cps]);
       |         ^
    223| 
    224|     // Click particles for animation
 Γ¥» src/features/cake/logic/useCakeLogic.test.js:32:61
 Γ¥» TestComponent node_modules/@testing-library/react/dist/pure.js:331:27
 Γ¥» renderWithHooks node_modules/react-dom/cjs/react-dom.development.js:15486:18
 Γ¥» mountIndeterminateComponent node_modules/react-dom/cjs/react-dom.development.js:20103:13
 Γ¥» beginWork node_modules/react-dom/cjs/react-dom.development.js:21626:16
 Γ¥» beginWork$1 node_modules/react-dom/cjs/react-dom.development.js:27465:14
 Γ¥» performUnitOfWork node_modules/react-dom/cjs/react-dom.development.js:26599:12
 Γ¥» workLoopSync node_modules/react-dom/cjs/react-dom.development.js:26505:5
 Γ¥» renderRootSync node_modules/react-dom/cjs/react-dom.development.js:26473:7

ΓÄ»ΓÄ»ΓÄ»ΓÄ»ΓÄ»ΓÄ»ΓÄ»ΓÄ»ΓÄ»ΓÄ»ΓÄ»ΓÄ»ΓÄ»ΓÄ»ΓÄ»ΓÄ»ΓÄ»ΓÄ»ΓÄ»ΓÄ»ΓÄ»ΓÄ»ΓÄ»[4/13]ΓÄ»

 FAIL  src/features/cake/logic/useCakeLogic.test.js > useCakeLogic > Clicking > increases balance by click power on click
ReferenceError: Cannot access 'cps' before initialization
 Γ¥» useCakeLogic src/features/cake/logic/useCakeLogic.js:222:9
    220|         }
    221|         return amount;
    222|     }, [cps]);
       |         ^
    223| 
    224|     // Click particles for animation
 Γ¥» src/features/cake/logic/useCakeLogic.test.js:39:61
 Γ¥» TestComponent node_modules/@testing-library/react/dist/pure.js:331:27
 Γ¥» renderWithHooks node_modules/react-dom/cjs/react-dom.development.js:15486:18
 Γ¥» mountIndeterminateComponent node_modules/react-dom/cjs/react-dom.development.js:20103:13
 Γ¥» beginWork node_modules/react-dom/cjs/react-dom.development.js:21626:16
 Γ¥» beginWork$1 node_modules/react-dom/cjs/react-dom.development.js:27465:14
 Γ¥» performUnitOfWork node_modules/react-dom/cjs/react-dom.development.js:26599:12
 Γ¥» workLoopSync node_modules/react-dom/cjs/react-dom.development.js:26505:5
 Γ¥» renderRootSync node_modules/react-dom/cjs/react-dom.development.js:26473:7

ΓÄ»ΓÄ»ΓÄ»ΓÄ»ΓÄ»ΓÄ»ΓÄ»ΓÄ»ΓÄ»ΓÄ»ΓÄ»ΓÄ»ΓÄ»ΓÄ»ΓÄ»ΓÄ»ΓÄ»ΓÄ»ΓÄ»ΓÄ»ΓÄ»ΓÄ»ΓÄ»[5/13]ΓÄ»

 FAIL  src/features/cake/logic/useCakeLogic.test.js > useCakeLogic > Clicking > accumulates balance with multiple clicks
ReferenceError: Cannot access 'cps' before initialization
 Γ¥» useCakeLogic src/features/cake/logic/useCakeLogic.js:222:9
    220|         }
    221|         return amount;
    222|     }, [cps]);
       |         ^
    223| 
    224|     // Click particles for animation
 Γ¥» src/features/cake/logic/useCakeLogic.test.js:49:61
 Γ¥» TestComponent node_modules/@testing-library/react/dist/pure.js:331:27
 Γ¥» renderWithHooks node_modules/react-dom/cjs/react-dom.development.js:15486:18
 Γ¥» mountIndeterminateComponent node_modules/react-dom/cjs/react-dom.development.js:20103:13
 Γ¥» beginWork node_modules/react-dom/cjs/react-dom.development.js:21626:16
 Γ¥» beginWork$1 node_modules/react-dom/cjs/react-dom.development.js:27465:14
 Γ¥» performUnitOfWork node_modules/react-dom/cjs/react-dom.development.js:26599:12
 Γ¥» workLoopSync node_modules/react-dom/cjs/react-dom.development.js:26505:5
 Γ¥» renderRootSync node_modules/react-dom/cjs/react-dom.development.js:26473:7

ΓÄ»ΓÄ»ΓÄ»ΓÄ»ΓÄ»ΓÄ»ΓÄ»ΓÄ»ΓÄ»ΓÄ»ΓÄ»ΓÄ»ΓÄ»ΓÄ»ΓÄ»ΓÄ»ΓÄ»ΓÄ»ΓÄ»ΓÄ»ΓÄ»ΓÄ»ΓÄ»[6/13]ΓÄ»

 FAIL  src/features/cake/logic/useCakeLogic.test.js > useCakeLogic > Buffs & Modifiers > applies production buff correctly
ReferenceError: Cannot access 'cps' before initialization
 Γ¥» useCakeLogic src/features/cake/logic/useCakeLogic.js:222:9
    220|         }
    221|         return amount;
    222|     }, [cps]);
       |         ^
    223| 
    224|     // Click particles for animation
 Γ¥» src/features/cake/logic/useCakeLogic.test.js:63:61
 Γ¥» TestComponent node_modules/@testing-library/react/dist/pure.js:331:27
 Γ¥» renderWithHooks node_modules/react-dom/cjs/react-dom.development.js:15486:18
 Γ¥» mountIndeterminateComponent node_modules/react-dom/cjs/react-dom.development.js:20103:13
 Γ¥» beginWork node_modules/react-dom/cjs/react-dom.development.js:21626:16
 Γ¥» beginWork$1 node_modules/react-dom/cjs/react-dom.development.js:27465:14
 Γ¥» performUnitOfWork node_modules/react-dom/cjs/react-dom.development.js:26599:12
 Γ¥» workLoopSync node_modules/react-dom/cjs/react-dom.development.js:26505:5
 Γ¥» renderRootSync node_modules/react-dom/cjs/react-dom.development.js:26473:7

ΓÄ»ΓÄ»ΓÄ»ΓÄ»ΓÄ»ΓÄ»ΓÄ»ΓÄ»ΓÄ»ΓÄ»ΓÄ»ΓÄ»ΓÄ»ΓÄ»ΓÄ»ΓÄ»ΓÄ»ΓÄ»ΓÄ»ΓÄ»ΓÄ»ΓÄ»ΓÄ»[7/13]ΓÄ»

 FAIL  src/features/cake/logic/useCakeLogic.test.js > useCakeLogic > Buffs & Modifiers > applies click buff correctly
ReferenceError: Cannot access 'cps' before initialization
 Γ¥» useCakeLogic src/features/cake/logic/useCakeLogic.js:222:9
    220|         }
    221|         return amount;
    222|     }, [cps]);
       |         ^
    223| 
    224|     // Click particles for animation
 Γ¥» src/features/cake/logic/useCakeLogic.test.js:76:61
 Γ¥» TestComponent node_modules/@testing-library/react/dist/pure.js:331:27
 Γ¥» renderWithHooks node_modules/react-dom/cjs/react-dom.development.js:15486:18
 Γ¥» mountIndeterminateComponent node_modules/react-dom/cjs/react-dom.development.js:20103:13
 Γ¥» beginWork node_modules/react-dom/cjs/react-dom.development.js:21626:16
 Γ¥» beginWork$1 node_modules/react-dom/cjs/react-dom.development.js:27465:14
 Γ¥» performUnitOfWork node_modules/react-dom/cjs/react-dom.development.js:26599:12
 Γ¥» workLoopSync node_modules/react-dom/cjs/react-dom.development.js:26505:5
 Γ¥» renderRootSync node_modules/react-dom/cjs/react-dom.development.js:26473:7

ΓÄ»ΓÄ»ΓÄ»ΓÄ»ΓÄ»ΓÄ»ΓÄ»ΓÄ»ΓÄ»ΓÄ»ΓÄ»ΓÄ»ΓÄ»ΓÄ»ΓÄ»ΓÄ»ΓÄ»ΓÄ»ΓÄ»ΓÄ»ΓÄ»ΓÄ»ΓÄ»[8/13]ΓÄ»

 FAIL  src/features/cake/logic/useCakeLogic.test.js > useCakeLogic > Buffs & Modifiers > applies discount correctly
ReferenceError: Cannot access 'cps' before initialization
 Γ¥» useCakeLogic src/features/cake/logic/useCakeLogic.js:222:9
    220|         }
    221|         return amount;
    222|     }, [cps]);
       |         ^
    223| 
    224|     // Click particles for animation
 Γ¥» src/features/cake/logic/useCakeLogic.test.js:93:61
 Γ¥» TestComponent node_modules/@testing-library/react/dist/pure.js:331:27
 Γ¥» renderWithHooks node_modules/react-dom/cjs/react-dom.development.js:15486:18
 Γ¥» mountIndeterminateComponent node_modules/react-dom/cjs/react-dom.development.js:20103:13
 Γ¥» beginWork node_modules/react-dom/cjs/react-dom.development.js:21626:16
 Γ¥» beginWork$1 node_modules/react-dom/cjs/react-dom.development.js:27465:14
 Γ¥» performUnitOfWork node_modules/react-dom/cjs/react-dom.development.js:26599:12
 Γ¥» workLoopSync node_modules/react-dom/cjs/react-dom.development.js:26505:5
 Γ¥» renderRootSync node_modules/react-dom/cjs/react-dom.development.js:26473:7

ΓÄ»ΓÄ»ΓÄ»ΓÄ»ΓÄ»ΓÄ»ΓÄ»ΓÄ»ΓÄ»ΓÄ»ΓÄ»ΓÄ»ΓÄ»ΓÄ»ΓÄ»ΓÄ»ΓÄ»ΓÄ»ΓÄ»ΓÄ»ΓÄ»ΓÄ»ΓÄ»[9/13]ΓÄ»

 FAIL  src/features/cake/logic/useCakeLogic.test.js > useCakeLogic > Purchases > cannot afford generator with 0 balance
ReferenceError: Cannot access 'cps' before initialization
 Γ¥» useCakeLogic src/features/cake/logic/useCakeLogic.js:222:9
    220|         }
    221|         return amount;
    222|     }, [cps]);
       |         ^
    223| 
    224|     // Click particles for animation
 Γ¥» src/features/cake/logic/useCakeLogic.test.js:123:61
 Γ¥» TestComponent node_modules/@testing-library/react/dist/pure.js:331:27
 Γ¥» renderWithHooks node_modules/react-dom/cjs/react-dom.development.js:15486:18
 Γ¥» mountIndeterminateComponent node_modules/react-dom/cjs/react-dom.development.js:20103:13
 Γ¥» beginWork node_modules/react-dom/cjs/react-dom.development.js:21626:16
 Γ¥» beginWork$1 node_modules/react-dom/cjs/react-dom.development.js:27465:14
 Γ¥» performUnitOfWork node_modules/react-dom/cjs/react-dom.development.js:26599:12
 Γ¥» workLoopSync node_modules/react-dom/cjs/react-dom.development.js:26505:5
 Γ¥» renderRootSync node_modules/react-dom/cjs/react-dom.development.js:26473:7

ΓÄ»ΓÄ»ΓÄ»ΓÄ»ΓÄ»ΓÄ»ΓÄ»ΓÄ»ΓÄ»ΓÄ»ΓÄ»ΓÄ»ΓÄ»ΓÄ»ΓÄ»ΓÄ»ΓÄ»ΓÄ»ΓÄ»ΓÄ»ΓÄ»ΓÄ»[10/13]ΓÄ»

 FAIL  src/features/cake/logic/useCakeLogic.test.js > useCakeLogic > Purchases > can afford generator when balance exceeds cost
ReferenceError: Cannot access 'cps' before initialization
 Γ¥» useCakeLogic src/features/cake/logic/useCakeLogic.js:222:9
    220|         }
    221|         return amount;
    222|     }, [cps]);
       |         ^
    223| 
    224|     // Click particles for animation
 Γ¥» src/features/cake/logic/useCakeLogic.test.js:128:61
 Γ¥» TestComponent node_modules/@testing-library/react/dist/pure.js:331:27
 Γ¥» renderWithHooks node_modules/react-dom/cjs/react-dom.development.js:15486:18
 Γ¥» mountIndeterminateComponent node_modules/react-dom/cjs/react-dom.development.js:20103:13
 Γ¥» beginWork node_modules/react-dom/cjs/react-dom.development.js:21626:16
 Γ¥» beginWork$1 node_modules/react-dom/cjs/react-dom.development.js:27465:14
 Γ¥» performUnitOfWork node_modules/react-dom/cjs/react-dom.development.js:26599:12
 Γ¥» workLoopSync node_modules/react-dom/cjs/react-dom.development.js:26505:5
 Γ¥» renderRootSync node_modules/react-dom/cjs/react-dom.development.js:26473:7

ΓÄ»ΓÄ»ΓÄ»ΓÄ»ΓÄ»ΓÄ»ΓÄ»ΓÄ»ΓÄ»ΓÄ»ΓÄ»ΓÄ»ΓÄ»ΓÄ»ΓÄ»ΓÄ»ΓÄ»ΓÄ»ΓÄ»ΓÄ»ΓÄ»ΓÄ»[11/13]ΓÄ»

 FAIL  src/features/cake/logic/useCakeLogic.test.js > useCakeLogic > Purchases > deducts cost and increases owned count on purchase
ReferenceError: Cannot access 'cps' before initialization
 Γ¥» useCakeLogic src/features/cake/logic/useCakeLogic.js:222:9
    220|         }
    221|         return amount;
    222|     }, [cps]);
       |         ^
    223| 
    224|     // Click particles for animation
 Γ¥» src/features/cake/logic/useCakeLogic.test.js:141:61
 Γ¥» TestComponent node_modules/@testing-library/react/dist/pure.js:331:27
 Γ¥» renderWithHooks node_modules/react-dom/cjs/react-dom.development.js:15486:18
 Γ¥» mountIndeterminateComponent node_modules/react-dom/cjs/react-dom.development.js:20103:13
 Γ¥» beginWork node_modules/react-dom/cjs/react-dom.development.js:21626:16
 Γ¥» beginWork$1 node_modules/react-dom/cjs/react-dom.development.js:27465:14
 Γ¥» performUnitOfWork node_modules/react-dom/cjs/react-dom.development.js:26599:12
 Γ¥» workLoopSync node_modules/react-dom/cjs/react-dom.development.js:26505:5
 Γ¥» renderRootSync node_modules/react-dom/cjs/react-dom.development.js:26473:7

ΓÄ»ΓÄ»ΓÄ»ΓÄ»ΓÄ»ΓÄ»ΓÄ»ΓÄ»ΓÄ»ΓÄ»ΓÄ»ΓÄ»ΓÄ»ΓÄ»ΓÄ»ΓÄ»ΓÄ»ΓÄ»ΓÄ»ΓÄ»ΓÄ»ΓÄ»[12/13]ΓÄ»

 FAIL  src/features/cake/logic/useCakeLogic.test.js > useCakeLogic > Number Formatting > formats millions correctly
ReferenceError: Cannot access 'cps' before initialization
 Γ¥» useCakeLogic src/features/cake/logic/useCakeLogic.js:222:9
    220|         }
    221|         return amount;
    222|     }, [cps]);
       |         ^
    223| 
    224|     // Click particles for animation
 Γ¥» src/features/cake/logic/useCakeLogic.test.js:163:61
 Γ¥» TestComponent node_modules/@testing-library/react/dist/pure.js:331:27
 Γ¥» renderWithHooks node_modules/react-dom/cjs/react-dom.development.js:15486:18
 Γ¥» mountIndeterminateComponent node_modules/react-dom/cjs/react-dom.development.js:20103:13
 Γ¥» beginWork node_modules/react-dom/cjs/react-dom.development.js:21626:16
 Γ¥» beginWork$1 node_modules/react-dom/cjs/react-dom.development.js:27465:14
 Γ¥» performUnitOfWork node_modules/react-dom/cjs/react-dom.development.js:26599:12
 Γ¥» workLoopSync node_modules/react-dom/cjs/react-dom.development.js:26505:5
 Γ¥» renderRootSync node_modules/react-dom/cjs/react-dom.development.js:26473:7

ΓÄ»ΓÄ»ΓÄ»ΓÄ»ΓÄ»ΓÄ»ΓÄ»ΓÄ»ΓÄ»ΓÄ»ΓÄ»ΓÄ»ΓÄ»ΓÄ»ΓÄ»ΓÄ»ΓÄ»ΓÄ»ΓÄ»ΓÄ»ΓÄ»ΓÄ»[13/13]ΓÄ»


[2m Test Files [22m [1m[31m1 failed[39m[22m[90m (1)[39m
[2m      Tests [22m [1m[31m13 failed[39m[22m[90m (13)[39m
[2m   Start at [22m 18:54:12
[2m   Duration [22m 6.24s[2m (transform 115ms, setup 221ms, import 283ms, tests 135ms, environment 4.91s)[22m

